

                          DISK USAGE REPORT
                               All Gans

Previous Run Date & Time : 19 MAR 93      11:29
Present  Run Date & Time : 28 APR 93      08:59
Old File Date            :  1 JAN 64
File Storage is Shown in Pages

    USER               CURRENT     PREVIOUS    DIFFERENCE   OLD
----------------------------------------------------------------------
TNT                  362241        ----        ----           0
BURNS1               214369      214446         -77           0
ISISPCM               81924        ----        ----           0
UKNET                 73687        ----        ----           0
CIDNCODE              64049        ----        ----           0
SOURCE                61889        ----        ----           0
CASGEN                60001        ----        ----           0
SYS                   56611       54761        1850           0
SLIBPRO               52998        ----        ----           0
UN1                   39557        ----        ----           0
SIRTITAS              32460        ----        ----           0
NTSNET                29793        ----        ----           0
BETATEST              27784        ----        ----           0
UL6CODE               25773        ----        ----           0
ACTRTY                24250        ----        ----           0
EXXNET                22072        ----        ----           0
ALNET                 14339        ----        ----           0
BOFANET               13725        ----        ----           0
JMS                   13615        ----        ----           0
SLIBDEV               12841        ----        ----           0
CAPCODE               11230        ----        ----           0
LENET                 10976        ----        ----           0
NETCON                10476        ----        ----           0
TECHSERV               9871        ----        ----           0
SLIEXTC                9639        ----        ----           0
TKOCHMANN              9284        ----        ----           0
UKBKBONE               8431        ----        ----           0
CWHKNET                8214        ----        ----           0
UL6NET                 8055        ----        ----           0
MARUNET                7944        ----        ----           0
HGTYME                 7901        ----        ----           0
THNET                  7836        ----        ----           0
MURTAUGH               7762        ----        ----           0
TYMNET                 7652        ----        ----           0
CTS                    7069        ----        ----           0
SPSUB                  7025        ----        ----           0
UKL                    6706        ----        ----           0
CUD10                  6660        6660           0           0
OUTRAIL                6623        6623           0           0
AUSPOLCODE             6086        ----        ----           0
UKOPS                  6001        ----        ----           0
UPL                    5847        ----        ----           0
BASELINE               5760        ----        ----           0
NET3                   5668        ----        ----           0
SLIBUTI                5562        ----        ----           0
TDCODE                 5508        ----        ----           0
TASUB                  5377        ----        ----           0
NTS                    4958        ----        ----           0
SLIDTM                 4709        ----        ----           0
CPRMNET                4701        ----        ----           0
SRA                    4662        4657           5           0
SLIOPA                 4648        ----        ----           0
EUSKONET               4496        ----        ----           0
GONET                  4493        ----        ----           0
RASNET                 4461        ----        ----           0
ITALTAS                4293        ----        ----           0
ONTFRA                 4246        ----        ----           0
UKLAB                  4220        ----        ----           0
TNSCNET                4062        ----        ----           0
GMCRNET                4035           0        4035           0
GSITCODE               3847        ----        ----           0
HGNET                  3798        ----        ----           0
THTYME                 3592        ----        ----           0
SCHOU                  3571        ----        ----           0
WRFS                   3521        ----        ----           0
UKGEN                  3459        ----        ----           0
SUBMIT                 3234        ----        ----           0
STSUB                  3138        ----        ----           0
UKX25DEV               3069        ----        ----           0
JOHNSONP               2979        ----        ----           0
SLICM                  2868        ----        ----           0
MARTECH                2778        ----        ----           0
CARL                   2712        ----        ----           0
M33                    2586        ----        ----           0
MPL                    2559        ----        ----           0
XCOMPAT                2550        ----        ----           0
ICINET                 2514        ----        ----           0
ALCODES                2489        ----        ----           0
HSBCNET                2329        ----        ----           0
SLIDLB                 2296        ----        ----           0
JWANG                  2294        ----        ----           0
SLIISIS                2253        ----        ----           0
XADA                   2238        ----        ----           0
CNFE                   2200        ----        ----           0
USGSCODE               2178        ----        ----           0
UKMKTG                 2132        ----        ----           0
SLIDPQT                2104        ----        ----           0
HOLD                   2055        2418        -363           0
DBLACK                 2053        ----        ----           0
SLIARS                 2035        ----        ----           0
PAPDEV                 2035        ----        ----           0
MFGNET                 2015        ----        ----           0
TNSUKM                 1985        ----        ----           0
BILLING10              1982        1982           0           0
BSCOTT                 1957        ----        ----           0
FTMAGNUM               1948        ----        ----           0
MNSQANET               1868        ----        ----           0
PNTS                   1867        ----        ----           0
ENSS                   1852        ----        ----           0
NSCNET                 1796        ----        ----           0
DAMPAC                 1795        ----        ----           0
WLSUB                  1781        ----        ----           0
TINET                  1738        ----        ----           0
MAGNUM                 1732        ----        ----           0
JWOOD                  1703        ----        ----           0
QSATS                  1593        ----        ----           0
DEVSUB                 1564        ----        ----           0
TNSM                   1541        ----        ----           0
HMORGAN                1482        ----        ----           0
COTILLON               1474        ----        ----           0
UKMICTYM               1451        ----        ----           0
TELCODE                1435        ----        ----           0
KBSUB                  1391        ----        ----           0
UKSUP                  1387        ----        ----           0
FREITAS2               1357        1346          11           0
C03DEV                 1354        ----        ----           0
SLIDACLT               1343        ----        ----           0
IBSUB                  1274        ----        ----           0
CIDNNET                1270        ----        ----           0
SPL                    1269        ----        ----           0
WARNERD                1220        ----        ----           0
BSCPAT                 1216        ----        ----           0
DULAM                  1215        ----        ----           0
EDUSUB                 1192        ----        ----           0
ENGDIAG                1143        ----        ----           0
SNAPAT                 1075        ----        ----           0
MKTSUB                 1071        ----        ----           0
JLINDBACK              1053        ----        ----           0
INTSUB                 1024        ----        ----           0
HSBCCODES               973        ----        ----           0
RJEPAT                  941        ----        ----           0
ARMYNET1                902        ----        ----           0
TELECOMSUP              894        ----        ----           0
MISCPAT                 892        ----        ----           0
MISSUB                  873        ----        ----           0
NSSC                    830        ----        ----           0
UKFETRAIN               820        ----        ----           0
QACNET                  813        ----        ----           0
MBEELDENS               797        ----        ----           0
AMFEDSM                 792        ----        ----           0
*1BATCH                 789         723          66           0
ENFE                    788        ----        ----           0
MAIL                    770        ----        ----           0
BRUCES                  762        ----        ----           0
NSCCODE                 747        ----        ----           0
CWHKGEN                 737        ----        ----           0
BNING                   726        ----        ----           0
UTIL                    723         713          10           0
SAILIB                  694        ----        ----           0
USGSNET                 672        ----        ----           0
UAS                     662        ----        ----           0
ASYNCPAT                653        ----        ----           0
SLSUB                   637        ----        ----           0
RVIVIER                 617        ----        ----           0
PSNEDDON                606        ----        ----           0
CMTPAT                  605        ----        ----           0
PGCNET                  603        ----        ----           0
NISCNET                 596        ----        ----           0
TELTEST                 588        ----        ----           0
JREILLY                 585        ----        ----           0
WRS                     579        ----        ----           0
XEXEC                   576        ----        ----           0
OPER                    574        4543       -3969           0
WCHU                    561        ----        ----           0
DGAUVIN                 546        ----        ----           0
FIRNNET                 544        ----        ----           0
BOFACODE                511        ----        ----           0
DBRUNETT                500        ----        ----           0
BTSUB                   497        ----        ----           0
TPOTURAJ                485        ----        ----           0
SYSNEWS                 480         480           0           0
FISBEIN                 465        ----        ----           0
BETADIAG                464        ----        ----           0
BBENTLER                457        ----        ----           0
DANIELSR                451         452          -1           0
NETSNY                  450        ----        ----           0
PERPOPER                415         414           1           0
WUINET                  392        ----        ----           0
RCANET                  387        ----        ----           0
ALPS                    385        ----        ----           0
JOLEARY                 376        ----        ----           0
MOORING                 369        ----        ----           0
ACCG1                   363        ----        ----           0
FTSYS                   350         350           0           0
PEAK                    323        ----        ----           0
TEXTELNET               311        ----        ----           0
SRAUTIL                 304         304           0           0
FTCNET                  298        ----        ----           0
OSMAN                   294        ----        ----           0
MNEWTON                 283        ----        ----           0
TIIPAT                  263        ----        ----           0
SPPOPER                 259        ----        ----           0
ITTNET                  247        ----        ----           0
SPOOL                   245         245           0           0
CSS800                  240        ----        ----           0
SMURRAY                 231        ----        ----           0
BTHK                    225        ----        ----           0
DOYLEM                  224        ----        ----           0
GNADOW                  222        ----        ----           0
TNSFRA                  215        ----        ----           0
UTSPAT                  214        ----        ----           0
SDNSOURCE               208        ----        ----           0
OSP                     205        ----        ----           0
CANNET                  204        ----        ----           0
OSU                     179        ----        ----           0
CHANGC                  171        ----        ----           0
SNILLUKA                168        ----        ----           0
SALTYRON                167        ----        ----           0
SSBACKUP                165        ----        ----           0
MDISES                  165        ----        ----           0
DOUGE                   165        ----        ----           0
BTFR                    153        ----        ----           0
SRAMOV                  136         136           0           0
SPS                     134        ----        ----           0
SSINSTALL               133        ----        ----           0
SWNET                   127        ----        ----           0
RKLUTE                  125        ----        ----           0
LEOCADIO                124        ----        ----           0
MTSS                    124        ----        ----           0
SLIBATCH                119        ----        ----           0
GMASTERS                116        ----        ----           0
ISISPAT                 115        ----        ----           0
SUPPAT                  114        ----        ----           0
PJ                      111        ----        ----           0
UCCPAC                  109        ----        ----           0
SRATECH                 107         107           0           0
TRTNET                  106        ----        ----           0
TEANET                   93        ----        ----           0
*6NEWS                   89        ----        ----           0
WRONSTADT                87        ----        ----           0
ROCKOPNS                 86        ----        ----           0
UKREPAIR                 84        ----        ----           0
GBARLOW                  83        ----        ----           0
TCHOW                    76        ----        ----           0
MCOLLINS                 76        ----        ----           0
ONTSUPT                  70        ----        ----           0
WATECH                   66        ----        ----           0
PALS                     63          63           0           0
VALIDATE                 62        ----        ----           0
SILVAM                   61          61           0           0
SRAVAL                   61          61           0           0
QASYS                    59        ----        ----           0
DIALNET                  56           0          56           0
BOFAOPS                  55        ----        ----           0
WESTNET                  54        ----        ----           0
BTGER                    53        ----        ----           0
FRCOPS                   52        ----        ----           0
WNFE                     50        ----        ----           0
EDIATS                   49        ----        ----           0
TYMRES5                  48        ----        ----           0
PKRUMV                   46        ----        ----           0
MZORTMAN                 46        ----        ----           0
FRANK                    45        ----        ----           0
CYOUNGER                 44        ----        ----           0
ROY                      44        ----        ----           0
JCARRICK                 43        ----        ----           0
ENMC                     41        ----        ----           0
BDOWLEY                  41        ----        ----           0
DBMAN                    41        ----        ----           0
CDMTICKET                40        ----        ----           0
ECSC                     39        ----        ----           0
DREEDER                  39        ----        ----           0
DRHODES                  39        ----        ----           0
FMCNET                   39        ----        ----           0
MBETTY                   39        ----        ----           0
DBENG                    36        ----        ----           0
LETYM                    35        ----        ----           0
FLMTECH                  34        ----        ----           0
NETQC                    34        ----        ----           0
LNGUYEN                  33        ----        ----           0
BTSPN                    32        ----        ----           0
DHOLDERNESS              32        ----        ----           0
MDESIMONE                31        ----        ----           0
TYMRES                   30        ----        ----           0
WAR                      29        ----        ----           0
BBELL                    29        ----        ----           0
MYOUNG                   29    ---        ----           0
TNS                      29        ----        ----           0
MSNEDDON                 29        ----        ----           0
DSTOFKO                  29        ----        ----           0
LPARKHURST               27        ----        ----           0
BTSWE                    27        ----        ----           0
RFLEISHER                25        ----        ----           0
EDICONTROL               24        ----        ----           0
JAMTELCODE               24        ----        ----           0
ISIS2                    24        ----        ----           0
MDFAULT                  23        ----        ----           0
INFO                     21        ----        ----           0
ENOPS                    19        ----        ----           0
BCHEN                    18        ----        ----           0
BTITA                    16        ----        ----           0
DESIMONEJ                15        ----        ----           0
SCONET                   15        ----        ----           0
JSHANNON                 13        ----        ----           0
SSPAMBIN                 12        ----        ----           0
DYIP                     12        ----        ----           0
BILLF                    12          12           0           0
SLEUNG                   11        ----        ----           0
BTBNL                    11        ----        ----           0
SSUM                      9        ----        ----           0
BTAUS                     9        ----        ----           0
SMAZZURCO                 8        ----        ----           0
NTDPAPER                  8        ----        ----           0
BTFSERV                   7        ----        ----           0
ASIAPAC                   7        ----        ----           0
LWOLF                     7        ----        ----           0
ASIU                      7        ----        ----           0
DBVAL                     7        ----        ----           0
MHEY                      7        ----        ----           0
JLAW                      7        ----        ----           0
GWEBB                     6           6           0           0
ACHASE                    6        ----        ----           0
TECHSVCS                  6        ----        ----           0
RMASKEW                   6        ----        ----           0
RCRANFORD                 5        ----        ----           0
BTSZ                      5        ----        ----           0
TSAMPSON                  5        ----        ----           0
STONEK                    4        ----        ----           0
EMORI                     4        ----        ----           0
JPRUIZ                    4        ----        ----           0
MLABINE                   4        ----        ----           0
FORDSUB                   4        ----        ----           0
CLEN                      4        ----        ----           0
CRASH                     3           3           0           0
SPOOLRM                   3        ----        ----           0
HUSSEYD                   3        ----        ----           0
PTOWNSEND                 3        ----        ----           0
DDREW                     2        ----        ----           0
RFISHER                   2        ----        ----           0
DSTUDER                   2        ----        ----           0
DECNET                    2        ----        ----           0
RBARNES                   2        ----        ----           0
FMOGLNET                  2        ----        ----           0
BWORKMAN                  2        ----        ----           0
JMINTEL                   2        ----        ----           0
GNSSPT                    2        ----        ----           0
TIP                       2        ----        ----           0
LINK10                    2        ----        ----           0
FSGER                     2        ----        ----           0
NETCONTS                  1        ----        ----           0
SCHOUDHRY                 1        ----        ----           0
MREEVES                   1        ----        ----           0
DUPONT                    1        ----        ----           0
AFOX                      1        ----        ----           0
ETSVA                     1        ----        ----           0
PCINET                    1           0           1           0
EXXON                     1        ----        ----           0
MIADMIN                   0        ----        ----           0
GOAKS                     0        ----        ----           0
TRWLOOKUP                 0        ----        ----           0
DALADMIN                  0        ----        ----           0
GLAMARRE                  0        ----        ----           0
DBARBER                   0        ----        ----           0
SFADMIN                   0        ----        ----           0
SINGTEL                   0        ----        ----           0
MJACOBS                   0        ----        ----           0
SLISURV                   0        ----        ----           0
LRDCODE                   0        ----        ----           0
ATGCODES                  0        ----        ----           0
GMILLAR                   0        ----        ----           0
DKINGLND                  0        ----        ----           0
TPENNIMAN                 0        ----        ----           0
CAYCODES                  0        ----        ----           0
MHABIB                    0        ----        ----           0
FTHANE                    0        ----        ----           0
SMATTHEWS                 0        ----        ----           0
HOFFMANN                  0        ----        ----           0
SSETO                     0        ----        ----           0
HCAODUC                   0        ----        ----           0
WESTTECH                  0        ----        ----           0
ABONSERGENT               0        ----        ----           0
NDT                       0        ----        ----           0
ATHAKUR                   0        ----        ----           0
TSBNL                     0        ----        ----           0
KPATEL                    0        ----        ----           0
TXSTEST                   0        ----        ----           0
GEMAYEL                   0        ----        ----           0
TICKETS                   0        ----        ----           0
RHOWLAND                  0        ----        ----           0
FNBCNET                   0        ----        ----           0
DHINGLE                   0        ----        ----           0
HAMIK                     0        ----        ----           0
UKCS                      0        ----        ----           0
WESTVSN                   0        ----        ----           0
YEUX                      0        ----        ----           0
APALIUCA                  0        ----        ----           0
LINKOPS                   0        ----        ----           0
PNAIR                     0        ----        ----           0
ARICHARDSON               0        ----        ----           0
RHAMMOND                  0        ----        ----           0
SKING                     0        ----        ----           0
TXSINFO                   0        ----        ----           0
PATCOTE                   0        ----        ----           0
LGAYER                    0        ----        ----           0
LBEER                     0        ----        ----           0
PTSMAINT                  0        ----        ----           0
SPLUNKETT                 0        ----        ----           0
CSTRUNK                   0        ----        ----           0
NSSU                      0        ----        ----           0
JBARGANIER                0        ----        ----           0
ANZNET                    0        ----        ----           0
LDAVENPORT                0        ----        ----           0
PCOURSEY                  0        ----        ----           0
SGREGORICH                0        ----        ----           0
RDONOSO                   0        ----        ----           0
CSUBER                    0        ----        ----           0
SALESUP                   0        ----        ----           0
SWBNET                    0        ----        ----           0
FNBCVSN                   0        ----        ----           0
MALQUIROS                 0        ----        ----           0
PHILCOM                   0        ----        ----           0
WWOO                      0        ----        ----           0
SDS                       0        ----        ----           0
FCHAN                     0        ----        ----           0
DWEBB                     0        ----        ----           0
JDELGADO                  0        ----        ----           0
PPHILLIPS                 0        ----        ----           0
GFINKEL                   0        ----        ----           0
TXSTEXT                   0        ----        ----           0
TXSDOC                    0        ----        ----           0
BTCANADA                  0        ----        ----           0
DIALCODE                  0        ----        ----           0
SFBANK                    0        ----        ----           0
RBOCKMAN                  0        ----        ----           0
AMARYLND                  0        ----        ----           0
KBIRSE                    0        ----        ----           0
TSNNET                    0        ----        ----           0
OSNF                      0        ----        ----           0
UFD                       0        3751       -3751           0
FANDREOU                  0        ----        ----           0
ACOSTAP                   0           0           0           0
TXSSUP                    0        ----        ----           0
GVOLRATH                  0        ----        ----           0
SBRUNO                    0        ----        ----           0
MMARBURGER                0        ----        ----           0
JBLOOM                    0        ----        ----           0
LEEWAKE                   0        ----        ----           0
SYNCORDIA                 0        ----        ----           0
MSGCONTROL                0        ----        ----           0
ACROWHURST                0        ----        ----           0
SMURPHY                   0        ----        ----           0
DYOUNG                    0        ----        ----           0
SMACIEL                   0        ----        ----           0
LKING                     0        ----        ----           0
HWERNER                   0        ----        ----           0
RCOOPER                   0        ----        ----           0
SCJVSN                    0        ----        ----           0
GMCGRANA                  0        ----        ----           0
SRJEDKIN                  0        ----        ----           0
BHUGHES                   0        ----        ----           0
BARCODES                  0        ----        ----           0
BPATEL                    0        ----        ----           0
JSCHMIDT                  0        ----        ----           0
BBENNECOFF                0        ----        ----           0
TRWNET                    0        ----        ----           0
FBUCHEGGER                0        ----        ----           0
BTSNG                     0        ----        ----           0
JGOLIGHTLY                0        ----        ----           0
SMUSSON                   0        ----        ----           0
DBTAR                     0        ----        ----           0
VWARKER                   0        ----        ----           0
TYEH                      0        ----        ----           0
KMISTRY                   0        ----        ----           0
JMORDEN                   0        ----        ----           0
JCLMIN                    0        ----        ----           0
RADIOAS                   0        ----        ----           0
MWOOTTON                  0        ----        ----           0
SYSMAINT                  0        ----        ----           0
EIANIERI                  0        ----        ----           0
HELLERNET                 0        ----        ----           0
TSDCONTROL                0        ----        ----           0
NTDCSE                    0        ----        ----           0
ITANET                    0        ----        ----           0
SLIDRCT                   0        ----        ----           0
PINGCHU                   0        ----        ----           0
CSIRVINE                  0        ----        ----           0
DWAGNER                   0        ----        ----           0
STEINISM                  0        ----        ----           0
SCJNET                    0        ----        ----           0
CHIADMIN                  0        ----        ----           0
IRVADMIN                  0        ----        ----           0
TGALLUCCI                 0        ----        ----           0
----------------------------------------------------------------------
TOTALS              1733585      305317       -2126           0
----------------------------------------------------------------------

}@;